// Jest Snapshot v1, https://goo.gl/fbAQLP

exports[`App snapshots 1`] = `
<div
  className="page"
>
  <div
    className="interactions"
  >
    <form
      onSubmit={[Function]}
    >
      Search
      <input
        onChange={[Function]}
        type="text"
        value="redux"
      />
      <button
        className=""
        onClick={undefined}
        type="button"
      >
        Search
      </button>
    </form>
    <div
      className="table"
    />
    <div
      className="interactions"
    >
      <button
        className=""
        onClick={[Function]}
        type="button"
      >
        More
      </button>
    </div>
  </div>
</div>
`;
